// Vitest Snapshot v1, https://vitest.dev/guide/snapshot.html

exports[`Cars Category Charts > TopMakesChart > should render chart title and description 1`] = `
<div>
  <div
    class="card card--default"
    data-slot="card"
  >
    <div
      class="card__header flex flex-col items-start gap-2"
      data-slot="card-header"
    >
      <h4
        class="scroll-m-20 font-medium text-foreground text-xl tracking-tight"
      >
        Top Makes - 
        Petrol
      </h4>
      <p
        class="text-muted text-sm leading-6"
      >
        Most popular brands in this category
      </p>
    </div>
    <div
      class="card__content"
      data-slot="card-content"
    >
      <div
        class="flex flex-col gap-6"
      >
        <div
          class="flex gap-2"
        >
          <a
            class="link"
            data-rac=""
            data-react-aria-pressable="true"
            href="/cars/makes/toyota"
            tabindex="0"
          >
            <span
              class="chip chip--default chip--secondary cursor-pointer first-of-type:bg-accent first-of-type:text-accent-foreground"
              data-slot="chip"
            >
              <span>
                🥇
              </span>
              Toyota
            </span>
          </a>
          <a
            class="link"
            data-rac=""
            data-react-aria-pressable="true"
            href="/cars/makes/honda"
            tabindex="0"
          >
            <span
              class="chip chip--default chip--secondary cursor-pointer first-of-type:bg-accent first-of-type:text-accent-foreground"
              data-slot="chip"
            >
              <span>
                🥈
              </span>
              Honda
            </span>
          </a>
          <a
            class="link"
            data-rac=""
            data-react-aria-pressable="true"
            href="/cars/makes/bmw"
            tabindex="0"
          >
            <span
              class="chip chip--default chip--secondary cursor-pointer first-of-type:bg-accent first-of-type:text-accent-foreground"
              data-slot="chip"
            >
              <span>
                🥉
              </span>
              BMW
            </span>
          </a>
        </div>
        <div
          class="bar-chart"
          data-slot="bar-chart"
        >
          <div
            class="recharts-responsive-container"
            style="width: 100%; height: 300px; min-width: 0;"
          >
            <div
              style="width: 0px; overflow-x: visible;"
            />
          </div>
        </div>
      </div>
    </div>
  </div>
</div>
`;
