// Vitest Snapshot v1, https://vitest.dev/guide/snapshot.html

exports[`Announcement > should prioritise path-specific announcements 1`] = `
<aside
  class="bg-accent text-accent-foreground"
>
  <div
    class="w-full px-4 py-3 text-center sm:px-6 lg:px-8"
  >
    <p
      class="font-medium text-sm"
    >
      Cars update
    </p>
  </div>
</aside>
`;
