// Vitest Snapshot v1, https://vitest.dev/guide/snapshot.html

exports[`Banner > should show banner content from the store 1`] = `
<div>
  <div
    class="flex items-center overflow-x-auto whitespace-nowrap border-t bg-default shadow-md"
  >
    <div
      class="mx-auto w-full max-w-page px-4 py-4 sm:px-6 lg:px-9"
    >
      <span
        data-testid="banner-content"
      >
        Hello COE
      </span>
    </div>
  </div>
</div>
`;
