// Vitest Snapshot v1, https://vitest.dev/guide/snapshot.html

exports[`DashboardPageTitle > should render title with badge and subtitle 1`] = `
<div>
  <div
    class="flex flex-col"
  >
    <div
      class="flex items-center gap-2"
    >
      <h1
        class="text text--h1"
        data-slot="text"
        data-type="h1"
      >
        Car Registrations
      </h1>
      <span
        data-testid="badge"
      >
        New
      </span>
    </div>
    <p
      class="text text--body"
      data-slot="text"
      data-type="body"
    >
      Latest monthly overview
    </p>
  </div>
</div>
`;
