// Vitest Snapshot v1, https://vitest.dev/guide/snapshot.html

exports[`LatestCoe > should render all COE results 1`] = `
<div>
  <div>
    <div>
      <div>
        Category A
      </div>
    </div>
    <div>
      <div
        class="flex flex-col gap-1"
      >
        <span>
          95000
        </span>
      </div>
    </div>
  </div>
  <div>
    <div>
      <div>
        Category B
      </div>
    </div>
    <div>
      <div
        class="flex flex-col gap-1"
      >
        <span>
          105000
        </span>
      </div>
    </div>
  </div>
</div>
`;
