// Vitest Snapshot v1, https://vitest.dev/guide/snapshot.html

exports[`LoadingIndicator > should render progress bar when pending 1`] = `
<div>
  <div
    class="fixed top-0 left-0 z-50 w-full"
  >
    <div
      aria-label="Navigation loading"
      aria-valuemax="100"
      aria-valuemin="0"
      aria-valuenow="0"
      aria-valuetext="0%"
      class="progress-bar progress-bar--accent progress-bar--md h-1 w-full rounded-none"
      data-rac=""
      data-slot="progress-bar"
      id="react-aria-_r_0_"
      role="progressbar"
    />
  </div>
</div>
`;
