// Vitest Snapshot v1, https://vitest.dev/guide/snapshot.html

exports[`MetricsComparison > should indicate positive growth 1`] = `
<div>
  <div
    class="flex items-center gap-2"
  >
    <span
      class="chip chip--success chip--sm chip--primary trend-chip trend-chip--sm"
      data-slot="chip"
      data-trend="up"
    >
      <svg
        class="trend-chip__indicator"
        data-slot="trend-chip-indicator"
        fill="none"
        stroke="currentColor"
        stroke-linecap="round"
        stroke-linejoin="round"
        stroke-width="2"
        viewBox="0 0 24 24"
      >
        <path
          d="M12 19V5m-5 5 5-5 5 5"
        />
      </svg>
      <span
        class="chip__label"
        data-slot="chip-label"
      >
         
        <span
          class="trend-chip__value"
          data-slot="trend-chip-value"
        >
          <span
            class="number-value"
            data-slot="number-value"
          >
            <span
              class="number-value__value"
              data-slot="number-value-value"
            >
              10%
            </span>
          </span>
        </span>
         
      </span>
    </span>
    <span
      class="text-muted text-sm"
    >
      vs last month
    </span>
  </div>
</div>
`;
