// Vitest Snapshot v1, https://vitest.dev/guide/snapshot.html

exports[`PremiumBanner > should populate the global banner with sorted categories and clean up on unmount 1`] = `
<div>
  <div
    class="flex items-center justify-center gap-4"
  >
    <div
      class="flex items-center gap-2"
    >
      <div
        class="font-semibold text-sm"
      >
        Category A
      </div>
      <span
        class="chip chip--accent chip--primary"
        data-slot="chip"
      >
        <span
          class="number-value"
          data-slot="number-value"
        >
          <span
            class="number-value__value"
            data-slot="number-value-value"
          >
            $40,000
          </span>
        </span>
      </span>
    </div>
    <div
      class="flex items-center gap-2"
    >
      <div
        class="font-semibold text-sm"
      >
        Category B
      </div>
      <span
        class="chip chip--accent chip--primary"
        data-slot="chip"
      >
        <span
          class="number-value"
          data-slot="number-value"
        >
          <span
            class="number-value__value"
            data-slot="number-value-value"
          >
            $42,000
          </span>
        </span>
      </span>
    </div>
  </div>
</div>
`;
