// Vitest Snapshot v1, https://vitest.dev/guide/snapshot.html

exports[`Typography > Headings > should render H1 1`] = `
<div>
  <h1
    class="typography typography--align-start typography--color-default typography--h1"
    data-slot="typography"
    data-type="h1"
  >
    Page Title
  </h1>
</div>
`;
