// Vitest Snapshot v1, https://vitest.dev/guide/snapshot.html

exports[`LastUpdated > should render 1`] = `
<div>
  <p
    class="text text--body-xs"
    data-slot="text"
    data-type="body-xs"
  >
    Last updated:
     
    <span
      class="underline"
    >
      01 Jan 2025, 12:00am
    </span>
  </p>
</div>
`;
