// Vitest Snapshot v1, https://vitest.dev/guide/snapshot.html

exports[`LastUpdated > should render 1`] = `
<div>
  <p
    class="typography typography--align-start typography--color-muted typography--body-xs"
    data-slot="typography"
    data-type="body-xs"
  >
    Last updated:
     
    <span
      class="underline"
    >
      01 Jan 2025, 12:00am
    </span>
  </p>
</div>
`;
